// Jest Snapshot v1, https://goo.gl/fbAQLP

exports[`should render ExpenseDAsh correctly 1`] = `
<div>
  <ExpensesSummary />
  <Connect(ExpenseListFilters) />
  <Connect(ExpenseList) />
</div>
`;
