// Jest Snapshot v1, https://goo.gl/fbAQLP

exports[`should render Expenselist with empty message 1`] = `
<div>
  <p>
    No expenses
  </p>
</div>
`;

exports[`should render Expenselist with expenses 1`] = `
<div>
  <ExpenseListItem
    amount={200}
    createAt={0}
    description="Gum"
    id="1"
    key="1"
    note=""
  />
  <ExpenseListItem
    amount={30000}
    createAt={-345600000}
    description="Rent"
    id="2"
    key="2"
    note=""
  />
  <ExpenseListItem
    amount={40000}
    createAt={345600000}
    description="Credit card"
    id="3"
    key="3"
    note=""
  />
</div>
`;
