// Jest Snapshot v1, https://goo.gl/fbAQLP

exports[`should render NotfoundPage correctly 1`] = `
<div>
  404!!!
  <Link
    replace={false}
    to="/"
  >
    Go home
  </Link>
</div>
`;
